0 verbose cli /usr/local/bin/node /usr/local/bin/npm
1 info using npm@8.19.4
2 info using node@v16.20.2
3 timing npm:load:whichnode Completed in 0ms
4 timing config:load:defaults Completed in 1ms
5 timing config:load:file:/usr/local/lib/node_modules/npm/npmrc Completed in 1ms
6 timing config:load:builtin Completed in 1ms
7 warn config production Use `--omit=dev` instead.
8 timing config:load:cli Completed in 3ms
9 timing config:load:env Completed in 0ms
10 timing config:load:file:/data/.npmrc Completed in 1ms
11 timing config:load:project Completed in 6ms
12 timing config:load:file:/usr/src/node-red/.npmrc Completed in 0ms
13 timing config:load:user Completed in 0ms
14 timing config:load:file:/usr/local/etc/npmrc Completed in 2ms
15 timing config:load:global Completed in 2ms
16 timing config:load:validate Completed in 0ms
17 timing config:load:credentials Completed in 0ms
18 timing config:load:setEnvs Completed in 1ms
19 timing config:load Completed in 15ms
20 timing npm:load:configload Completed in 15ms
21 timing npm:load:mkdirpcache Completed in 8ms
22 timing npm:load:mkdirplogs Completed in 10ms
23 verbose title npm install node-red-contrib-dynamic-websocket@1.0.7
24 verbose argv "install" "--no-audit" "--no-update-notifier" "--no-fund" "--save" "--save-prefix" "~" "--production" "--engine-strict" "node-red-contrib-dynamic-websocket@1.0.7"
25 timing npm:load:setTitle Completed in 1ms
26 timing config:load:flatten Completed in 2ms
27 timing npm:load:display Completed in 4ms
28 verbose logfile logs-max:10 dir:/data/.npm/_logs
29 verbose logfile /data/.npm/_logs/2025-07-21T17_58_00_099Z-debug-0.log
30 timing npm:load:logFile Completed in 28ms
31 timing npm:load:timers Completed in 1ms
32 timing npm:load:configScope Completed in 0ms
33 timing npm:load Completed in 69ms
34 timing arborist:ctor Completed in 1ms
35 silly logfile done cleaning log files
36 timing arborist:ctor Completed in 0ms
37 timing idealTree:init Completed in 24ms
38 timing idealTree:userRequests Completed in 3ms
39 silly idealTree buildDeps
40 silly fetch manifest node-red-contrib-dynamic-websocket@1.0.7
41 http fetch GET 200 https://registry.npmjs.org/node-red-contrib-dynamic-websocket 57ms (cache hit)
42 silly placeDep ROOT node-red-contrib-dynamic-websocket@1.0.7 OK for: node-red-project@0.0.1 want: 1.0.7
43 silly fetch manifest ws@^8.18.0
44 http fetch GET 200 https://registry.npmjs.org/ws 53ms (cache hit)
45 timing idealTree:#root Completed in 123ms
46 silly fetch manifest bufferutil@^4.0.1
47 http fetch GET 200 https://registry.npmjs.org/bufferutil 41ms (cache hit)
48 silly fetch manifest utf-8-validate@>=5.0.2
49 http fetch GET 200 https://registry.npmjs.org/utf-8-validate 37ms (cache hit)
50 silly placeDep ROOT ws@8.18.3 OK for: node-red-contrib-dynamic-websocket@1.0.7 want: ^8.18.0
51 timing idealTree:node_modules/node-red-contrib-dynamic-websocket Completed in 85ms
52 timing idealTree:node_modules/ws Completed in 0ms
53 timing idealTree:buildDeps Completed in 209ms
54 timing idealTree:fixDepFlags Completed in 0ms
55 timing idealTree Completed in 239ms
56 timing command:install Completed in 249ms
57 verbose stack Error: Unsupported engine
57 verbose stack     at checkEngine (/usr/local/lib/node_modules/npm/node_modules/npm-install-checks/lib/index.js:14:25)
57 verbose stack     at Arborist.[checkEngineAndPlatform] (/usr/local/lib/node_modules/npm/node_modules/@npmcli/arborist/lib/arborist/build-ideal-tree.js:228:11)
57 verbose stack     at Arborist.buildIdealTree (/usr/local/lib/node_modules/npm/node_modules/@npmcli/arborist/lib/arborist/build-ideal-tree.js:214:42)
57 verbose stack     at async Promise.all (index 1)
57 verbose stack     at async Arborist.reify (/usr/local/lib/node_modules/npm/node_modules/@npmcli/arborist/lib/arborist/reify.js:154:5)
57 verbose stack     at async Install.exec (/usr/local/lib/node_modules/npm/lib/commands/install.js:145:5)
57 verbose stack     at async module.exports (/usr/local/lib/node_modules/npm/lib/cli.js:78:5)
58 verbose pkgid node-red-contrib-dynamic-websocket@1.0.7
59 verbose cwd /data
60 verbose Linux 5.15.133.1-microsoft-standard-WSL2
61 verbose node v16.20.2
62 verbose npm  v8.19.4
63 error code EBADENGINE
64 error engine Unsupported engine
65 error engine Not compatible with your version of node/npm: node-red-contrib-dynamic-websocket@1.0.7
66 error notsup Not compatible with your version of node/npm: node-red-contrib-dynamic-websocket@1.0.7
66 error notsup Required: {"node":">=18.0.0","npm":">=8.0.0"}
66 error notsup Actual:   {"npm":"8.19.4","node":"v16.20.2"}
67 verbose exit 1
68 timing npm Completed in 384ms
69 verbose unfinished npm timer reify 1753120680232
70 verbose unfinished npm timer reify:loadTrees 1753120680237
71 verbose code 1
72 error A complete log of this run can be found in:
72 error     /data/.npm/_logs/2025-07-21T17_58_00_099Z-debug-0.log
